// Jest Snapshot v1, https://goo.gl/fbAQLP

exports[`returns the same response 1`] = `"Hello, world!"`;
