// Jest Snapshot v1, https://goo.gl/fbAQLP

exports[`matches snapshot 1`] = `
<Fragment>
  Clean but full featured AngularJS boilerplate using Gulp workflow and best practices
  <br />
  <span
    title="Language"
  >
    JavaScript
  </span>
   
  /
   
  <span
    title="GitHub Stars"
  >
    ‚≠ê
    29
  </span>
   
  /
   
  <span
    title="Last Updated"
  >
    Feb 16, 2021
  </span>
</Fragment>
`;
