// Jest Snapshot v1, https://goo.gl/fbAQLP

exports[`matches snapshot 1`] = `
<Fragment>
  <h1>
    Hi
  </h1>
  <p>
    I am Danila, nice to meet you!
  </p>
  <h2>
    Social Presence
  </h2>
  <SocialPresence />
  <h2>
    Open Source
  </h2>
  <h3>
    Projects
  </h3>
  <WorksList
    gitHubRepos={Array []}
    works={
      Array [
        "Web-Bluetooth-Terminal",
        "Portfolio",
        "Portfolio-Firebase",
        "Firebase-Authenticator",
        "IoT-Firebase-Authentication",
        "Angular-Gulp-Boilerplate",
        "Arduino-Coffeemaker",
        "MeArm-Controller",
        "MQTT-Home-Monitor",
        "NodeMCU-Arduino-PlatformIO",
        "Cordova-Bluetooth-Terminal",
      ]
    }
  />
  <h3>
    Libraries
  </h3>
  <WorksList
    gitHubRepos={Array []}
    works={
      Array [
        "UbxGps",
        "bluetooth-terminal",
        "canvas-heightmap",
        "comments-extractor",
        "gulpdoc",
        "gulp-locales-bundler",
        "locales-bundler",
        "react-native-redux-form",
        "redux-repository",
        "three-sky",
        "ooyala-player-component",
      ]
    }
  />
</Fragment>
`;
