// Jest Snapshot v1, https://goo.gl/fbAQLP

exports[`getData gets GitHub data using API 1`] = `
Array [
  Object {
    "description": "Clean but full featured AngularJS boilerplate using Gulp workflow and best practices",
    "homepageUrl": "https://www.npmjs.com/package/angular-gulp-boilerplate",
    "isArchived": false,
    "language": "JavaScript",
    "latestVersion": "",
    "stars": 29,
    "title": "Angular-Gulp-Boilerplate",
    "updatedAt": 1613486363000,
    "url": "https://github.com/loginov-rocks/Angular-Gulp-Boilerplate",
  },
  Object {
    "description": "Training Repository",
    "homepageUrl": "",
    "isArchived": false,
    "language": "JavaScript",
    "latestVersion": "",
    "stars": 0,
    "title": "Anticloud",
    "updatedAt": 1610848376000,
    "url": "https://github.com/loginov-rocks/Anticloud",
  },
  Object {
    "description": "Training Repository",
    "homepageUrl": "",
    "isArchived": false,
    "language": "JavaScript",
    "latestVersion": "",
    "stars": 0,
    "title": "anticloud-server",
    "updatedAt": 1606655910000,
    "url": "https://github.com/loginov-rocks/anticloud-server",
  },
  Object {
    "description": "ES6 class for serial communication with your own Bluetooth Low Energy (Smart) devices",
    "homepageUrl": "https://loginov-rocks.github.io/Web-Bluetooth-Terminal/",
    "isArchived": false,
    "language": "JavaScript",
    "latestVersion": "",
    "stars": 31,
    "title": "bluetooth-terminal",
    "updatedAt": 1610847914000,
    "url": "https://github.com/loginov-rocks/bluetooth-terminal",
  },
  Object {
    "description": "Canvas heightmap generator",
    "homepageUrl": "https://www.npmjs.com/package/canvas-heightmap",
    "isArchived": false,
    "language": "JavaScript",
    "latestVersion": "",
    "stars": 1,
    "title": "canvas-heightmap",
    "updatedAt": 1609888189000,
    "url": "https://github.com/loginov-rocks/canvas-heightmap",
  },
  Object {
    "description": "Training Repository",
    "homepageUrl": "",
    "isArchived": false,
    "language": "JavaScript",
    "latestVersion": "",
    "stars": 0,
    "title": "Carbook",
    "updatedAt": 1610848388000,
    "url": "https://github.com/loginov-rocks/Carbook",
  },
  Object {
    "description": "Training Repository",
    "homepageUrl": "",
    "isArchived": false,
    "language": "Dart",
    "latestVersion": "",
    "stars": 0,
    "title": "carquery",
    "updatedAt": 1610848367000,
    "url": "https://github.com/loginov-rocks/carquery",
  },
  Object {
    "description": "Extract comments from glob of files, annotated or not",
    "homepageUrl": "https://www.npmjs.com/package/comments-extractor",
    "isArchived": false,
    "language": "JavaScript",
    "latestVersion": "",
    "stars": 0,
    "title": "comments-extractor",
    "updatedAt": 1609802038000,
    "url": "https://github.com/loginov-rocks/comments-extractor",
  },
  Object {
    "description": "",
    "homepageUrl": "",
    "isArchived": false,
    "language": "C++",
    "latestVersion": "",
    "stars": 0,
    "title": "Connected-Espresso-Machine",
    "updatedAt": 1609070113000,
    "url": "https://github.com/loginov-rocks/Connected-Espresso-Machine",
  },
  Object {
    "description": "Simple app for communication with devices via bluetooth based on Apache Cordova (PhoneGap)",
    "homepageUrl": "",
    "isArchived": false,
    "language": "JavaScript",
    "latestVersion": "",
    "stars": 10,
    "title": "Cordova-Bluetooth-Terminal",
    "updatedAt": 1568776082000,
    "url": "https://github.com/loginov-rocks/Cordova-Bluetooth-Terminal",
  },
  Object {
    "description": "ðŸ¦‹ An OpenApi validator for ExpressJS that automatically validates API requests using an OpenAPI 3.x specification,",
    "homepageUrl": "",
    "isArchived": false,
    "language": "TypeScript",
    "latestVersion": "",
    "stars": 0,
    "title": "express-openapi-validator",
    "updatedAt": 1567085587000,
    "url": "https://github.com/loginov-rocks/express-openapi-validator",
  },
  Object {
    "description": "Firebase Authenticator",
    "homepageUrl": "https://loginov.rocks/Firebase-Authenticator/",
    "isArchived": false,
    "language": "JavaScript",
    "latestVersion": "",
    "stars": 0,
    "title": "Firebase-Authenticator",
    "updatedAt": 1606655254000,
    "url": "https://github.com/loginov-rocks/Firebase-Authenticator",
  },
  Object {
    "description": "Gulp plugin to bundle JSON localization files",
    "homepageUrl": "https://www.npmjs.com/package/gulp-locales-bundler",
    "isArchived": false,
    "language": "JavaScript",
    "latestVersion": "",
    "stars": 1,
    "title": "gulp-locales-bundler",
    "updatedAt": 1609889891000,
    "url": "https://github.com/loginov-rocks/gulp-locales-bundler",
  },
  Object {
    "description": "Documentation generator for Gulp tasks",
    "homepageUrl": "https://www.npmjs.com/package/gulpdoc",
    "isArchived": false,
    "language": "JavaScript",
    "latestVersion": "",
    "stars": 0,
    "title": "gulpdoc",
    "updatedAt": 1609802952000,
    "url": "https://github.com/loginov-rocks/gulpdoc",
  },
  Object {
    "description": "Training Repository",
    "homepageUrl": "",
    "isArchived": false,
    "language": "JavaScript",
    "latestVersion": "",
    "stars": 0,
    "title": "Igla",
    "updatedAt": 1610848398000,
    "url": "https://github.com/loginov-rocks/Igla",
  },
  Object {
    "description": "",
    "homepageUrl": "",
    "isArchived": false,
    "language": "C++",
    "latestVersion": "",
    "stars": 0,
    "title": "IoT-Firebase-Authentication",
    "updatedAt": 1574692842000,
    "url": "https://github.com/loginov-rocks/IoT-Firebase-Authentication",
  },
  Object {
    "description": "Locales bundler",
    "homepageUrl": "https://www.npmjs.com/package/locales-bundler",
    "isArchived": false,
    "language": "JavaScript",
    "latestVersion": "",
    "stars": 0,
    "title": "locales-bundler",
    "updatedAt": 1609890326000,
    "url": "https://github.com/loginov-rocks/locales-bundler",
  },
  Object {
    "description": "MeArm Controller",
    "homepageUrl": "",
    "isArchived": false,
    "language": "Arduino",
    "latestVersion": "",
    "stars": 2,
    "title": "MeArm-Controller",
    "updatedAt": 1569915054000,
    "url": "https://github.com/loginov-rocks/MeArm-Controller",
  },
  Object {
    "description": "MQTT Home Monitor",
    "homepageUrl": "",
    "isArchived": false,
    "language": "C++",
    "latestVersion": "",
    "stars": 0,
    "title": "MQTT-Home-Monitor",
    "updatedAt": 1587220046000,
    "url": "https://github.com/loginov-rocks/MQTT-Home-Monitor",
  },
  Object {
    "description": "Training Repository",
    "homepageUrl": "",
    "isArchived": false,
    "language": "TypeScript",
    "latestVersion": "",
    "stars": 0,
    "title": "Node-AWS-App",
    "updatedAt": 1610848267000,
    "url": "https://github.com/loginov-rocks/Node-AWS-App",
  },
  Object {
    "description": "Quick start with NodeMCU v3 (ESP8266), Arduino ecosystem, and PlatformIO IDE",
    "homepageUrl": "https://loginov-rocks.medium.com/quick-start-with-nodemcu-v3-esp8266-arduino-ecosystem-and-platformio-ide-b8415bf9a038",
    "isArchived": false,
    "language": "C++",
    "latestVersion": "",
    "stars": 2,
    "title": "NodeMCU-Arduino-PlatformIO",
    "updatedAt": 1608951885000,
    "url": "https://github.com/loginov-rocks/NodeMCU-Arduino-PlatformIO",
  },
  Object {
    "description": "Ooyala Player Component",
    "homepageUrl": "https://www.npmjs.com/package/ooyala-player-component",
    "isArchived": false,
    "language": "TypeScript",
    "latestVersion": "",
    "stars": 0,
    "title": "ooyala-player-component",
    "updatedAt": 1609892621000,
    "url": "https://github.com/loginov-rocks/ooyala-player-component",
  },
  Object {
    "description": "Portfolio App",
    "homepageUrl": "https://loginov-rocks.github.io/Portfolio/",
    "isArchived": false,
    "language": "TypeScript",
    "latestVersion": "",
    "stars": 0,
    "title": "Portfolio",
    "updatedAt": 1610903025000,
    "url": "https://github.com/loginov-rocks/Portfolio",
  },
  Object {
    "description": "Firebase Services for Portfolio App",
    "homepageUrl": "https://loginov.rocks/Portfolio",
    "isArchived": false,
    "language": "TypeScript",
    "latestVersion": "",
    "stars": 0,
    "title": "Portfolio-Firebase",
    "updatedAt": 1606654675000,
    "url": "https://github.com/loginov-rocks/Portfolio-Firebase",
  },
  Object {
    "description": "React Native Redux Form fields",
    "homepageUrl": "https://www.npmjs.com/package/react-native-redux-form",
    "isArchived": false,
    "language": "JavaScript",
    "latestVersion": "",
    "stars": 0,
    "title": "react-native-redux-form",
    "updatedAt": 1609890994000,
    "url": "https://github.com/loginov-rocks/react-native-redux-form",
  },
  Object {
    "description": "Redux Repository",
    "homepageUrl": "https://www.npmjs.com/package/redux-repository",
    "isArchived": false,
    "language": "TypeScript",
    "latestVersion": "",
    "stars": 0,
    "title": "redux-repository",
    "updatedAt": 1609893885000,
    "url": "https://github.com/loginov-rocks/redux-repository",
  },
  Object {
    "description": "Three.js Sky object from official repository example",
    "homepageUrl": "https://www.npmjs.com/package/three-sky",
    "isArchived": false,
    "language": "JavaScript",
    "latestVersion": "",
    "stars": 2,
    "title": "three-sky",
    "updatedAt": 1609888944000,
    "url": "https://github.com/loginov-rocks/three-sky",
  },
  Object {
    "description": "Training Repository",
    "homepageUrl": "",
    "isArchived": false,
    "language": "TypeScript",
    "latestVersion": "",
    "stars": 0,
    "title": "todogle",
    "updatedAt": 1610848310000,
    "url": "https://github.com/loginov-rocks/todogle",
  },
  Object {
    "description": "Arduino library for the fastest and simplest communication with u-blox GPS modules",
    "homepageUrl": "",
    "isArchived": false,
    "language": "C++",
    "latestVersion": "",
    "stars": 83,
    "title": "UbxGps",
    "updatedAt": 1613437756000,
    "url": "https://github.com/loginov-rocks/UbxGps",
  },
  Object {
    "description": "Progressive Web Application for serial communication with your own Bluetooth Low Energy (Smart) devices",
    "homepageUrl": "https://loginov-rocks.github.io/Web-Bluetooth-Terminal/",
    "isArchived": false,
    "language": "JavaScript",
    "latestVersion": "",
    "stars": 129,
    "title": "Web-Bluetooth-Terminal",
    "updatedAt": 1613322210000,
    "url": "https://github.com/loginov-rocks/Web-Bluetooth-Terminal",
  },
]
`;
